// Jest Snapshot v1, https://goo.gl/fbAQLP

exports[`inline critical css 1`] = `
"<!DOCTYPE html>
<html lang=\\"en\\">
  <head>
    <title>Gridsome</title><meta charset=\\"utf-8\\"/><meta name=\\"generator\\" content=\\"Gridsome v0.0.1\\"/><meta name=\\"viewport\\" content=\\"width=device-width, initial-scale=1, viewport-fit=cover\\"/><style id=\\"___critical-css\\">a{color:red;}</style><link rel=\\"prefetch\\" href=\\"/css/3.styles.css\\"><link rel=\\"preload\\" href=\\"/css/styles.css\\" as=\\"style\\" onload=\\"this.onload=null;this.rel='stylesheet'\\"><noscript><link rel=\\"stylesheet\\" href=\\"/css/styles.css\\"></noscript><link rel=\\"preload\\" href=\\"/css/2.styles.css\\" as=\\"style\\" onload=\\"this.onload=null;this.rel='stylesheet'\\"><noscript><link rel=\\"stylesheet\\" href=\\"/css/2.styles.css\\"></noscript><link rel=\\"preload\\" href=\\"/css/3.styles.css\\" as=\\"style\\" onload=\\"this.onload=null;this.rel='stylesheet'\\"><noscript><link rel=\\"stylesheet\\" href=\\"/css/3.styles.css\\"></noscript><link rel=\\"preload\\" href=\\"/js/app.js\\" as=\\"script\\">
  </head>
  <body>
    <div id=\\"app\\"></div>
    <script src=\\"/js/app.js\\" defer></script>
  </body>
</html>
"
`;

exports[`inline critical css with polyfill 1`] = `
"<!DOCTYPE html>
<html lang=\\"en\\">
  <head>
    <title>Gridsome</title><meta charset=\\"utf-8\\"/><meta name=\\"generator\\" content=\\"Gridsome v0.0.1\\"/><meta name=\\"viewport\\" content=\\"width=device-width, initial-scale=1, viewport-fit=cover\\"/><style id=\\"___critical-css\\">a{color:red;}</style><link rel=\\"prefetch\\" href=\\"/css/3.styles.css\\"><link rel=\\"preload\\" href=\\"/css/styles.css\\" as=\\"style\\" onload=\\"this.onload=null;this.rel='stylesheet'\\"><noscript><link rel=\\"stylesheet\\" href=\\"/css/styles.css\\"></noscript><link rel=\\"preload\\" href=\\"/css/2.styles.css\\" as=\\"style\\" onload=\\"this.onload=null;this.rel='stylesheet'\\"><noscript><link rel=\\"stylesheet\\" href=\\"/css/2.styles.css\\"></noscript><link rel=\\"preload\\" href=\\"/css/3.styles.css\\" as=\\"style\\" onload=\\"this.onload=null;this.rel='stylesheet'\\"><noscript><link rel=\\"stylesheet\\" href=\\"/css/3.styles.css\\"></noscript><link rel=\\"preload\\" href=\\"/js/app.js\\" as=\\"script\\">
  </head>
  <body>
    <div id=\\"app\\"></div>
    <script src=\\"/js/app.js\\" defer></script>
  <script>!function(n){\\"use strict\\";n.loadCSS||(n.loadCSS=function(){});var o=loadCSS.relpreload={};if(o.support=function(){var e;try{e=n.document.createElement(\\"link\\").relList.supports(\\"preload\\")}catch(t){e=!1}return function(){return e}}(),o.bindMediaToggle=function(t){var e=t.media||\\"all\\";function a(){t.media=e}t.addEventListener?t.addEventListener(\\"load\\",a):t.attachEvent&&t.attachEvent(\\"onload\\",a),setTimeout(function(){t.rel=\\"stylesheet\\",t.media=\\"only x\\"}),setTimeout(a,3e3)},o.poly=function(){if(!o.support())for(var t=n.document.getElementsByTagName(\\"link\\"),e=0;e<t.length;e++){var a=t[e];\\"preload\\"!==a.rel||\\"style\\"!==a.getAttribute(\\"as\\")||a.getAttribute(\\"data-loadcss\\")||(a.setAttribute(\\"data-loadcss\\",!0),o.bindMediaToggle(a))}},!o.support()){o.poly();var t=n.setInterval(o.poly,500);n.addEventListener?n.addEventListener(\\"load\\",function(){o.poly(),n.clearInterval(t)}):n.attachEvent&&n.attachEvent(\\"onload\\",function(){o.poly(),n.clearInterval(t)})}\\"undefined\\"!=typeof exports?exports.loadCSS=loadCSS:n.loadCSS=loadCSS}(\\"undefined\\"!=typeof global?global:this);</script></body>
</html>
"
`;
